2025-06-30 11:04:14 0 [Note] Starting MariaDB 10.11.13-MariaDB source revision 8fb09426b98583916ccfd4f8c49741adc115bac3 server_uid SEUy+RQcnawKdEL2ITV4pH2f6O4= as process 3028
2025-06-30 11:04:14 0 [Note] InnoDB: Compressed tables use zlib 1.3.1
2025-06-30 11:04:14 0 [Note] InnoDB: Number of transaction pools: 1
2025-06-30 11:04:14 0 [Note] InnoDB: Using crc32 + pclmulqdq instructions
2025-06-30 11:04:14 0 [Note] InnoDB: Using liburing
2025-06-30 11:04:14 0 [Note] InnoDB: innodb_buffer_pool_size_max=128m, innodb_buffer_pool_size=128m
2025-06-30 11:04:14 0 [Note] InnoDB: Completed initialization of buffer pool
2025-06-30 11:04:14 0 [Note] InnoDB: File system buffers for log disabled (block size=4096 bytes)
2025-06-30 11:04:14 0 [Note] InnoDB: End of log at LSN=4680847
2025-06-30 11:04:14 0 [Note] InnoDB: 128 rollback segments are active.
2025-06-30 11:04:14 0 [Note] InnoDB: Setting file './ibtmp1' size to 12.000MiB. Physically writing the file full; Please wait ...
2025-06-30 11:04:14 0 [Note] InnoDB: File './ibtmp1' size is now 12.000MiB.
2025-06-30 11:04:14 0 [Note] InnoDB: log sequence number 4680847; transaction id 3887
2025-06-30 11:04:14 0 [Note] InnoDB: Loading buffer pool(s) from /home/hancy/bagisto-1/mysql/data/ib_buffer_pool
2025-06-30 11:04:14 0 [Note] Plugin 'FEEDBACK' is disabled.
2025-06-30 11:04:14 0 [Note] Server socket created on IP: '0.0.0.0'.
2025-06-30 11:04:14 0 [Note] Server socket created on IP: '::'.
2025-06-30 11:04:14 0 [Note] mysqld: ready for connections.
Version: '10.11.13-MariaDB'  socket: '/home/hancy/bagisto-1/mysql/mysql.sock'  port: 3306  MariaDB Server
2025-06-30 11:04:14 0 [Note] InnoDB: Buffer pool(s) load completed at 250630 11:04:14
